Internal error: 'with' clause failed unexpectedly in strategy 'main'
	0
	main_0_0
	with_1_1 <==
